// Vitest Snapshot v1, https://vitest.dev/guide/snapshot.html

exports[`layout-engine baseline snapshots > layoutContentSlide > should match content slide with default layout 1`] = `
{
  "borderBoxes": undefined,
  "codeBoxes": undefined,
  "iconBoxes": undefined,
  "shapeBoxes": undefined,
  "textBoxes": [
    {
      "color": "1E40AF",
      "fontSize": 24,
      "h": 0.4,
      "isBold": true,
      "text": "Content Title",
      "w": 9.2,
      "x": 0.4,
      "y": 0.3,
    },
    {
      "color": "3B82F6",
      "fontSize": 18,
      "h": 0.3,
      "isBold": true,
      "richText": [
        {
          "text": "Section",
        },
      ],
      "valign": "top",
      "w": 9.2,
      "x": 0.4,
      "y": 0.8,
    },
    {
      "color": "1F2937",
      "fontSize": 16,
      "h": 0.3833333333333333,
      "richText": [
        {
          "text": "Body",
        },
      ],
      "valign": "top",
      "w": 9.2,
      "x": 0.4,
      "y": 1.2000000000000002,
    },
  ],
}
`;

exports[`layout-engine baseline snapshots > layoutContentSlide > should match content slide with grid layout 1`] = `
{
  "borderBoxes": [
    {
      "h": 2.2225,
      "w": 4.56,
      "x": 0.4,
      "y": 0.8,
    },
    {
      "h": 2.2225,
      "w": 4.56,
      "x": 5.04,
      "y": 0.8,
    },
    {
      "h": 2.2225,
      "w": 4.56,
      "x": 0.4,
      "y": 3.1025,
    },
    {
      "h": 2.2225,
      "w": 4.56,
      "x": 5.04,
      "y": 3.1025,
    },
  ],
  "codeBoxes": undefined,
  "iconBoxes": undefined,
  "shapeBoxes": undefined,
  "textBoxes": [
    {
      "color": "1E40AF",
      "fontSize": 24,
      "h": 0.4,
      "isBold": true,
      "text": "Grid Layout",
      "w": 9.2,
      "x": 0.4,
      "y": 0.3,
    },
    {
      "color": "3B82F6",
      "fontSize": 16,
      "h": 0.3,
      "isBold": true,
      "richText": [
        {
          "text": "1",
        },
      ],
      "valign": "top",
      "w": 4.3999999999999995,
      "x": 0.48000000000000004,
      "y": 0.88,
    },
    {
      "color": "3B82F6",
      "fontSize": 16,
      "h": 0.3,
      "isBold": true,
      "richText": [
        {
          "text": "2",
        },
      ],
      "valign": "top",
      "w": 4.3999999999999995,
      "x": 5.12,
      "y": 0.88,
    },
    {
      "color": "3B82F6",
      "fontSize": 16,
      "h": 0.3,
      "isBold": true,
      "richText": [
        {
          "text": "3",
        },
      ],
      "valign": "top",
      "w": 4.3999999999999995,
      "x": 0.48000000000000004,
      "y": 3.1825,
    },
    {
      "color": "3B82F6",
      "fontSize": 16,
      "h": 0.3,
      "isBold": true,
      "richText": [
        {
          "text": "4",
        },
      ],
      "valign": "top",
      "w": 4.3999999999999995,
      "x": 5.12,
      "y": 3.1825,
    },
  ],
}
`;

exports[`layout-engine baseline snapshots > layoutContentSlide > should match content slide with left-right layout 1`] = `
{
  "borderBoxes": [
    {
      "h": 4.525,
      "w": 6.079999999999999,
      "x": 0.4,
      "y": 0.8,
    },
    {
      "h": 4.525,
      "w": 3.0399999999999996,
      "x": 6.56,
      "y": 0.8,
    },
  ],
  "codeBoxes": undefined,
  "iconBoxes": undefined,
  "shapeBoxes": undefined,
  "textBoxes": [
    {
      "color": "1E40AF",
      "fontSize": 24,
      "h": 0.4,
      "isBold": true,
      "text": "Split Layout",
      "w": 9.2,
      "x": 0.4,
      "y": 0.3,
    },
    {
      "color": "3B82F6",
      "fontSize": 18,
      "h": 0.3,
      "isBold": true,
      "richText": [
        {
          "text": "Left",
        },
      ],
      "valign": "top",
      "w": 5.879999999999999,
      "x": 0.5,
      "y": 0.9,
    },
    {
      "color": "3B82F6",
      "fontSize": 18,
      "h": 0.3,
      "isBold": true,
      "richText": [
        {
          "text": "Right",
        },
      ],
      "valign": "top",
      "w": 2.8399999999999994,
      "x": 6.659999999999999,
      "y": 0.9,
    },
  ],
}
`;

exports[`layout-engine baseline snapshots > layoutDefault > should match default layout with 2 sections (heading + body) 1`] = `
{
  "textBoxes": [
    {
      "color": "3B82F6",
      "fontSize": 18,
      "h": 0.3,
      "isBold": true,
      "richText": [
        {
          "text": "Section 1",
        },
      ],
      "valign": "top",
      "w": 9.2,
      "x": 0.4,
      "y": 1,
    },
    {
      "color": "1F2937",
      "fontSize": 16,
      "h": 0.3833333333333333,
      "richText": [
        {
          "text": "Body text 1",
        },
      ],
      "valign": "top",
      "w": 9.2,
      "x": 0.4,
      "y": 1.4,
    },
    {
      "color": "3B82F6",
      "fontSize": 18,
      "h": 0.3,
      "isBold": true,
      "richText": [
        {
          "text": "Section 2",
        },
      ],
      "valign": "top",
      "w": 9.2,
      "x": 0.4,
      "y": 2.083333333333333,
    },
    {
      "color": "1F2937",
      "fontSize": 16,
      "h": 0.3833333333333333,
      "richText": [
        {
          "text": "Body text 2",
        },
      ],
      "valign": "top",
      "w": 9.2,
      "x": 0.4,
      "y": 2.483333333333333,
    },
  ],
}
`;

exports[`layout-engine baseline snapshots > layoutDefault > should match default layout with body-only sections 1`] = `
{
  "textBoxes": [
    {
      "color": "1F2937",
      "fontSize": 16,
      "h": 0.3833333333333333,
      "richText": [
        {
          "text": "Body only 1",
        },
      ],
      "valign": "top",
      "w": 9.2,
      "x": 0.4,
      "y": 1,
    },
    {
      "color": "1F2937",
      "fontSize": 16,
      "h": 0.3833333333333333,
      "richText": [
        {
          "text": "Body only 2",
        },
      ],
      "valign": "top",
      "w": 9.2,
      "x": 0.4,
      "y": 1.6833333333333333,
    },
  ],
}
`;

exports[`layout-engine baseline snapshots > layoutDefault > should match default layout with heading-only sections 1`] = `
{
  "textBoxes": [
    {
      "color": "3B82F6",
      "fontSize": 18,
      "h": 0.3,
      "isBold": true,
      "richText": [
        {
          "text": "Heading 1",
        },
      ],
      "valign": "top",
      "w": 9.2,
      "x": 0.4,
      "y": 1,
    },
    {
      "color": "3B82F6",
      "fontSize": 18,
      "h": 0.3,
      "isBold": true,
      "richText": [
        {
          "text": "Heading 2",
        },
      ],
      "valign": "top",
      "w": 9.2,
      "x": 0.4,
      "y": 1.7,
    },
  ],
}
`;

exports[`layout-engine baseline snapshots > layoutGrid > should match grid layout 1x3 (single row) 1`] = `
{
  "borderBoxes": [
    {
      "h": 4.325,
      "w": 3.013333333333333,
      "x": 0.4,
      "y": 1,
    },
    {
      "h": 4.325,
      "w": 3.013333333333333,
      "x": 3.493333333333333,
      "y": 1,
    },
    {
      "h": 4.325,
      "w": 3.013333333333333,
      "x": 6.586666666666667,
      "y": 1,
    },
  ],
  "textBoxes": [
    {
      "color": "3B82F6",
      "fontSize": 14,
      "h": 0.3,
      "isBold": true,
      "richText": [
        {
          "text": "Cell 1",
        },
      ],
      "valign": "top",
      "w": 2.913333333333333,
      "x": 0.45,
      "y": 1.05,
    },
    {
      "color": "3B82F6",
      "fontSize": 14,
      "h": 0.3,
      "isBold": true,
      "richText": [
        {
          "text": "Cell 2",
        },
      ],
      "valign": "top",
      "w": 2.913333333333333,
      "x": 3.543333333333333,
      "y": 1.05,
    },
    {
      "color": "3B82F6",
      "fontSize": 14,
      "h": 0.3,
      "isBold": true,
      "richText": [
        {
          "text": "Cell 3",
        },
      ],
      "valign": "top",
      "w": 2.913333333333333,
      "x": 6.636666666666667,
      "y": 1.05,
    },
  ],
}
`;

exports[`layout-engine baseline snapshots > layoutGrid > should match grid layout 2x2 1`] = `
{
  "borderBoxes": [
    {
      "h": 2.1225,
      "w": 4.56,
      "x": 0.4,
      "y": 1,
    },
    {
      "h": 2.1225,
      "w": 4.56,
      "x": 5.04,
      "y": 1,
    },
    {
      "h": 2.1225,
      "w": 4.56,
      "x": 0.4,
      "y": 3.2025,
    },
    {
      "h": 2.1225,
      "w": 4.56,
      "x": 5.04,
      "y": 3.2025,
    },
  ],
  "textBoxes": [
    {
      "color": "3B82F6",
      "fontSize": 16,
      "h": 0.3,
      "isBold": true,
      "richText": [
        {
          "text": "Cell 1",
        },
      ],
      "valign": "top",
      "w": 4.3999999999999995,
      "x": 0.48000000000000004,
      "y": 1.08,
    },
    {
      "color": "1F2937",
      "fontSize": 14,
      "h": 0.3416666666666667,
      "richText": [
        {
          "text": "Content 1",
        },
      ],
      "valign": "top",
      "w": 4.3999999999999995,
      "x": 0.48000000000000004,
      "y": 1.4500000000000002,
    },
    {
      "color": "3B82F6",
      "fontSize": 16,
      "h": 0.3,
      "isBold": true,
      "richText": [
        {
          "text": "Cell 2",
        },
      ],
      "valign": "top",
      "w": 4.3999999999999995,
      "x": 5.12,
      "y": 1.08,
    },
    {
      "color": "1F2937",
      "fontSize": 14,
      "h": 0.3416666666666667,
      "richText": [
        {
          "text": "Content 2",
        },
      ],
      "valign": "top",
      "w": 4.3999999999999995,
      "x": 5.12,
      "y": 1.4500000000000002,
    },
    {
      "color": "3B82F6",
      "fontSize": 16,
      "h": 0.3,
      "isBold": true,
      "richText": [
        {
          "text": "Cell 3",
        },
      ],
      "valign": "top",
      "w": 4.3999999999999995,
      "x": 0.48000000000000004,
      "y": 3.2825,
    },
    {
      "color": "1F2937",
      "fontSize": 14,
      "h": 0.3416666666666667,
      "richText": [
        {
          "text": "Content 3",
        },
      ],
      "valign": "top",
      "w": 4.3999999999999995,
      "x": 0.48000000000000004,
      "y": 3.6525000000000003,
    },
    {
      "color": "3B82F6",
      "fontSize": 16,
      "h": 0.3,
      "isBold": true,
      "richText": [
        {
          "text": "Cell 4",
        },
      ],
      "valign": "top",
      "w": 4.3999999999999995,
      "x": 5.12,
      "y": 3.2825,
    },
    {
      "color": "1F2937",
      "fontSize": 14,
      "h": 0.3416666666666667,
      "richText": [
        {
          "text": "Content 4",
        },
      ],
      "valign": "top",
      "w": 4.3999999999999995,
      "x": 5.12,
      "y": 3.6525000000000003,
    },
  ],
}
`;

exports[`layout-engine baseline snapshots > layoutGrid > should match grid layout 3x1 (single column) 1`] = `
{
  "borderBoxes": [
    {
      "h": 1.3883333333333334,
      "w": 9.2,
      "x": 0.4,
      "y": 1,
    },
    {
      "h": 1.3883333333333334,
      "w": 9.2,
      "x": 0.4,
      "y": 2.4683333333333337,
    },
    {
      "h": 1.3883333333333334,
      "w": 9.2,
      "x": 0.4,
      "y": 3.936666666666667,
    },
  ],
  "textBoxes": [
    {
      "color": "1F2937",
      "fontSize": 12,
      "h": 0.3,
      "richText": [
        {
          "text": "Content 1",
        },
      ],
      "valign": "top",
      "w": 9.1,
      "x": 0.45,
      "y": 1.05,
    },
    {
      "color": "1F2937",
      "fontSize": 12,
      "h": 0.3,
      "richText": [
        {
          "text": "Content 2",
        },
      ],
      "valign": "top",
      "w": 9.1,
      "x": 0.45,
      "y": 2.5183333333333335,
    },
    {
      "color": "1F2937",
      "fontSize": 12,
      "h": 0.3,
      "richText": [
        {
          "text": "Content 3",
        },
      ],
      "valign": "top",
      "w": 9.1,
      "x": 0.45,
      "y": 3.986666666666667,
    },
  ],
}
`;

exports[`layout-engine baseline snapshots > layoutGrid > should match grid layout with borderBoxes 1`] = `
{
  "borderBoxes": [
    {
      "h": 2.1225,
      "w": 4.56,
      "x": 0.4,
      "y": 1,
    },
    {
      "h": 2.1225,
      "w": 4.56,
      "x": 5.04,
      "y": 1,
    },
    {
      "h": 2.1225,
      "w": 4.56,
      "x": 0.4,
      "y": 3.2025,
    },
    {
      "h": 2.1225,
      "w": 4.56,
      "x": 5.04,
      "y": 3.2025,
    },
  ],
  "textBoxes": [
    {
      "color": "3B82F6",
      "fontSize": 16,
      "h": 0.3,
      "isBold": true,
      "richText": [
        {
          "text": "A",
        },
      ],
      "valign": "top",
      "w": 4.3999999999999995,
      "x": 0.48000000000000004,
      "y": 1.08,
    },
    {
      "color": "3B82F6",
      "fontSize": 16,
      "h": 0.3,
      "isBold": true,
      "richText": [
        {
          "text": "B",
        },
      ],
      "valign": "top",
      "w": 4.3999999999999995,
      "x": 5.12,
      "y": 1.08,
    },
    {
      "color": "3B82F6",
      "fontSize": 16,
      "h": 0.3,
      "isBold": true,
      "richText": [
        {
          "text": "C",
        },
      ],
      "valign": "top",
      "w": 4.3999999999999995,
      "x": 0.48000000000000004,
      "y": 3.2825,
    },
    {
      "color": "3B82F6",
      "fontSize": 16,
      "h": 0.3,
      "isBold": true,
      "richText": [
        {
          "text": "D",
        },
      ],
      "valign": "top",
      "w": 4.3999999999999995,
      "x": 5.12,
      "y": 3.2825,
    },
  ],
}
`;

exports[`layout-engine baseline snapshots > layoutIconCards > should match icon cards layout with takeaway (snapshot) 1`] = `
{
  "borderBoxes": [
    {
      "accentColor": "E67E22",
      "fillColor": "F8FAFC",
      "h": 3.17,
      "w": 2.933333333333333,
      "x": 0.4,
      "y": 1,
    },
    {
      "accentColor": "0891B2",
      "fillColor": "F8FAFC",
      "h": 3.17,
      "w": 2.933333333333333,
      "x": 3.533333333333333,
      "y": 1,
    },
    {
      "accentColor": "7C3AED",
      "fillColor": "F8FAFC",
      "h": 3.17,
      "w": 2.933333333333333,
      "x": 6.666666666666667,
      "y": 1,
    },
  ],
  "iconBoxes": [
    {
      "color": "E67E22",
      "h": 1,
      "icon": "mi:psychology",
      "w": 2.6333333333333333,
      "x": 0.55,
      "y": 1.21,
    },
    {
      "color": "0891B2",
      "h": 1,
      "icon": "mi:code",
      "w": 2.6333333333333333,
      "x": 3.683333333333333,
      "y": 1.21,
    },
    {
      "color": "7C3AED",
      "h": 1,
      "icon": "mi:auto_awesome",
      "w": 2.6333333333333333,
      "x": 6.816666666666667,
      "y": 1.21,
    },
  ],
  "textBoxes": [
    {
      "align": "center",
      "color": "3B82F6",
      "fontSize": 16,
      "h": 0.45,
      "isBold": true,
      "text": "認知科学",
      "valign": "top",
      "w": 2.6333333333333333,
      "x": 0.55,
      "y": 2.29,
    },
    {
      "align": "left",
      "color": "1F2937",
      "fontSize": 14,
      "h": 1.2,
      "text": "人間の思考プロセスを理解",
      "valign": "top",
      "w": 2.6333333333333333,
      "x": 0.55,
      "y": 2.8200000000000003,
    },
    {
      "align": "center",
      "color": "3B82F6",
      "fontSize": 16,
      "h": 0.45,
      "isBold": true,
      "text": "コーディング",
      "valign": "top",
      "w": 2.6333333333333333,
      "x": 3.683333333333333,
      "y": 2.29,
    },
    {
      "align": "left",
      "color": "1F2937",
      "fontSize": 14,
      "h": 1.2,
      "text": "効率的なアルゴリズム",
      "valign": "top",
      "w": 2.6333333333333333,
      "x": 3.683333333333333,
      "y": 2.8200000000000003,
    },
    {
      "align": "center",
      "color": "3B82F6",
      "fontSize": 16,
      "h": 0.45,
      "isBold": true,
      "text": "自動化",
      "valign": "top",
      "w": 2.6333333333333333,
      "x": 6.816666666666667,
      "y": 2.29,
    },
    {
      "align": "left",
      "color": "1F2937",
      "fontSize": 14,
      "h": 1.2,
      "text": "反復タスクを自動化",
      "valign": "top",
      "w": 2.6333333333333333,
      "x": 6.816666666666667,
      "y": 2.8200000000000003,
    },
    {
      "align": "center",
      "color": "1E40AF",
      "fontSize": 20,
      "h": 0.6,
      "isBold": true,
      "text": "テイクアウェイ",
      "valign": "middle",
      "w": 9.2,
      "x": 0.4,
      "y": 4.37,
    },
  ],
}
`;

exports[`layout-engine baseline snapshots > layoutIconCards > should match icon cards layout without takeaway (snapshot) 1`] = `
{
  "borderBoxes": [
    {
      "accentColor": "E67E22",
      "fillColor": "F8FAFC",
      "h": 3.17,
      "w": 2.933333333333333,
      "x": 0.4,
      "y": 1,
    },
    {
      "accentColor": "0891B2",
      "fillColor": "F8FAFC",
      "h": 3.17,
      "w": 2.933333333333333,
      "x": 3.533333333333333,
      "y": 1,
    },
    {
      "accentColor": "7C3AED",
      "fillColor": "F8FAFC",
      "h": 3.17,
      "w": 2.933333333333333,
      "x": 6.666666666666667,
      "y": 1,
    },
  ],
  "iconBoxes": [
    {
      "color": "E67E22",
      "h": 1,
      "icon": "mi:psychology",
      "w": 2.6333333333333333,
      "x": 0.55,
      "y": 1.21,
    },
    {
      "color": "0891B2",
      "h": 1,
      "icon": "mi:code",
      "w": 2.6333333333333333,
      "x": 3.683333333333333,
      "y": 1.21,
    },
    {
      "color": "7C3AED",
      "h": 1,
      "icon": "mi:auto_awesome",
      "w": 2.6333333333333333,
      "x": 6.816666666666667,
      "y": 1.21,
    },
  ],
  "textBoxes": [
    {
      "align": "center",
      "color": "3B82F6",
      "fontSize": 16,
      "h": 0.45,
      "isBold": true,
      "text": "認知科学",
      "valign": "top",
      "w": 2.6333333333333333,
      "x": 0.55,
      "y": 2.29,
    },
    {
      "align": "left",
      "color": "1F2937",
      "fontSize": 14,
      "h": 1.2,
      "text": "人間の思考プロセスを理解",
      "valign": "top",
      "w": 2.6333333333333333,
      "x": 0.55,
      "y": 2.8200000000000003,
    },
    {
      "align": "center",
      "color": "3B82F6",
      "fontSize": 16,
      "h": 0.45,
      "isBold": true,
      "text": "コーディング",
      "valign": "top",
      "w": 2.6333333333333333,
      "x": 3.683333333333333,
      "y": 2.29,
    },
    {
      "align": "left",
      "color": "1F2937",
      "fontSize": 14,
      "h": 1.2,
      "text": "効率的なアルゴリズム",
      "valign": "top",
      "w": 2.6333333333333333,
      "x": 3.683333333333333,
      "y": 2.8200000000000003,
    },
    {
      "align": "center",
      "color": "3B82F6",
      "fontSize": 16,
      "h": 0.45,
      "isBold": true,
      "text": "自動化",
      "valign": "top",
      "w": 2.6333333333333333,
      "x": 6.816666666666667,
      "y": 2.29,
    },
    {
      "align": "left",
      "color": "1F2937",
      "fontSize": 14,
      "h": 1.2,
      "text": "反復タスクを自動化",
      "valign": "top",
      "w": 2.6333333333333333,
      "x": 6.816666666666667,
      "y": 2.8200000000000003,
    },
  ],
}
`;

exports[`layout-engine baseline snapshots > layoutIconColumns > should match icon column layout with Material Icons 1`] = `
{
  "borderBoxes": [
    {
      "h": 3.3900000000000006,
      "w": 2.933333333333333,
      "x": 0.4,
      "y": 1,
    },
    {
      "h": 3.3900000000000006,
      "w": 2.933333333333333,
      "x": 3.533333333333333,
      "y": 1,
    },
    {
      "h": 3.3900000000000006,
      "w": 2.933333333333333,
      "x": 6.666666666666667,
      "y": 1,
    },
  ],
  "iconBoxes": [
    {
      "color": "3B82F6",
      "h": 1.5,
      "icon": "mi:home",
      "w": 2.733333333333333,
      "x": 0.5,
      "y": 1.6700000000000002,
    },
    {
      "color": "3B82F6",
      "h": 1.5,
      "icon": "mi:search:outlined",
      "w": 2.733333333333333,
      "x": 3.6333333333333333,
      "y": 1.6700000000000002,
    },
    {
      "color": "3B82F6",
      "h": 1.5,
      "icon": "mi:settings:round",
      "w": 2.733333333333333,
      "x": 6.766666666666667,
      "y": 1.6700000000000002,
    },
  ],
  "textBoxes": [
    {
      "align": "center",
      "color": "3B82F6",
      "fontSize": 18,
      "h": 0.45,
      "isBold": true,
      "text": "Home",
      "valign": "top",
      "w": 2.733333333333333,
      "x": 0.5,
      "y": 1.1,
    },
    {
      "align": "center",
      "color": "1F2937",
      "fontSize": 16,
      "h": 1,
      "text": "Back to start",
      "valign": "top",
      "w": 2.733333333333333,
      "x": 0.5,
      "y": 3.29,
    },
    {
      "align": "center",
      "color": "3B82F6",
      "fontSize": 18,
      "h": 0.45,
      "isBold": true,
      "text": "Search",
      "valign": "top",
      "w": 2.733333333333333,
      "x": 3.6333333333333333,
      "y": 1.1,
    },
    {
      "align": "center",
      "color": "1F2937",
      "fontSize": 16,
      "h": 1,
      "text": "Find content",
      "valign": "top",
      "w": 2.733333333333333,
      "x": 3.6333333333333333,
      "y": 3.29,
    },
    {
      "align": "center",
      "color": "3B82F6",
      "fontSize": 18,
      "h": 0.45,
      "isBold": true,
      "text": "Settings",
      "valign": "top",
      "w": 2.733333333333333,
      "x": 6.766666666666667,
      "y": 1.1,
    },
    {
      "align": "center",
      "color": "1F2937",
      "fontSize": 16,
      "h": 1,
      "text": "Configure app",
      "valign": "top",
      "w": 2.733333333333333,
      "x": 6.766666666666667,
      "y": 3.29,
    },
  ],
}
`;

exports[`layout-engine baseline snapshots > layoutIconColumns > should match icon column layout with emoji icons 1`] = `
{
  "borderBoxes": [
    {
      "h": 3.3900000000000006,
      "w": 2.933333333333333,
      "x": 0.4,
      "y": 1,
    },
    {
      "h": 3.3900000000000006,
      "w": 2.933333333333333,
      "x": 3.533333333333333,
      "y": 1,
    },
    {
      "h": 3.3900000000000006,
      "w": 2.933333333333333,
      "x": 6.666666666666667,
      "y": 1,
    },
  ],
  "iconBoxes": [
    {
      "color": "3B82F6",
      "h": 1.5,
      "icon": "👁️",
      "w": 2.733333333333333,
      "x": 0.5,
      "y": 1.6700000000000002,
    },
    {
      "color": "3B82F6",
      "h": 1.5,
      "icon": "🌱",
      "w": 2.733333333333333,
      "x": 3.6333333333333333,
      "y": 1.6700000000000002,
    },
    {
      "color": "3B82F6",
      "h": 1.5,
      "icon": "⚡",
      "w": 2.733333333333333,
      "x": 6.766666666666667,
      "y": 1.6700000000000002,
    },
  ],
  "textBoxes": [
    {
      "align": "center",
      "color": "3B82F6",
      "fontSize": 18,
      "h": 0.45,
      "isBold": true,
      "text": "Vision",
      "valign": "top",
      "w": 2.733333333333333,
      "x": 0.5,
      "y": 1.1,
    },
    {
      "align": "center",
      "color": "1F2937",
      "fontSize": 16,
      "h": 1,
      "text": "See the future",
      "valign": "top",
      "w": 2.733333333333333,
      "x": 0.5,
      "y": 3.29,
    },
    {
      "align": "center",
      "color": "3B82F6",
      "fontSize": 18,
      "h": 0.45,
      "isBold": true,
      "text": "Growth",
      "valign": "top",
      "w": 2.733333333333333,
      "x": 3.6333333333333333,
      "y": 1.1,
    },
    {
      "align": "center",
      "color": "1F2937",
      "fontSize": 16,
      "h": 1,
      "text": "Continuous improvement",
      "valign": "top",
      "w": 2.733333333333333,
      "x": 3.6333333333333333,
      "y": 3.29,
    },
    {
      "align": "center",
      "color": "3B82F6",
      "fontSize": 18,
      "h": 0.45,
      "isBold": true,
      "text": "Speed",
      "valign": "top",
      "w": 2.733333333333333,
      "x": 6.766666666666667,
      "y": 1.1,
    },
    {
      "align": "center",
      "color": "1F2937",
      "fontSize": 16,
      "h": 1,
      "text": "Fast delivery",
      "valign": "top",
      "w": 2.733333333333333,
      "x": 6.766666666666667,
      "y": 3.29,
    },
  ],
}
`;

exports[`layout-engine baseline snapshots > layoutIconColumns > should match icon column layout with takeaway 1`] = `
{
  "borderBoxes": [
    {
      "h": 3.3900000000000006,
      "w": 2.933333333333333,
      "x": 0.4,
      "y": 1,
    },
    {
      "h": 3.3900000000000006,
      "w": 2.933333333333333,
      "x": 3.533333333333333,
      "y": 1,
    },
    {
      "h": 3.3900000000000006,
      "w": 2.933333333333333,
      "x": 6.666666666666667,
      "y": 1,
    },
  ],
  "iconBoxes": [
    {
      "color": "3B82F6",
      "h": 1.5,
      "icon": "⚡",
      "w": 2.733333333333333,
      "x": 0.5,
      "y": 1.6700000000000002,
    },
    {
      "color": "3B82F6",
      "h": 1.5,
      "icon": "🔒",
      "w": 2.733333333333333,
      "x": 3.6333333333333333,
      "y": 1.6700000000000002,
    },
    {
      "color": "3B82F6",
      "h": 1.5,
      "icon": "📈",
      "w": 2.733333333333333,
      "x": 6.766666666666667,
      "y": 1.6700000000000002,
    },
  ],
  "textBoxes": [
    {
      "align": "center",
      "color": "3B82F6",
      "fontSize": 18,
      "h": 0.45,
      "isBold": true,
      "text": "Fast",
      "valign": "top",
      "w": 2.733333333333333,
      "x": 0.5,
      "y": 1.1,
    },
    {
      "align": "center",
      "color": "3B82F6",
      "fontSize": 18,
      "h": 0.45,
      "isBold": true,
      "text": "Reliable",
      "valign": "top",
      "w": 2.733333333333333,
      "x": 3.6333333333333333,
      "y": 1.1,
    },
    {
      "align": "center",
      "color": "3B82F6",
      "fontSize": 18,
      "h": 0.45,
      "isBold": true,
      "text": "Scalable",
      "valign": "top",
      "w": 2.733333333333333,
      "x": 6.766666666666667,
      "y": 1.1,
    },
    {
      "align": "center",
      "color": "1E40AF",
      "fontSize": 20,
      "h": 0.6,
      "isBold": true,
      "text": "Our Core Values",
      "valign": "middle",
      "w": 9.2,
      "x": 0.4,
      "y": 4.590000000000001,
    },
  ],
}
`;

exports[`layout-engine baseline snapshots > layoutLeanCanvas > should handle empty blocks gracefully 1`] = `
{
  "borderBoxes": [
    {
      "h": 3.1090909090909093,
      "w": 1.7759999999999998,
      "x": 0.4,
      "y": 1,
    },
    {
      "h": 1.5145454545454546,
      "w": 1.7759999999999998,
      "x": 2.256,
      "y": 1,
    },
    {
      "h": 3.1090909090909093,
      "w": 1.7759999999999998,
      "x": 4.111999999999999,
      "y": 1,
    },
    {
      "h": 1.5145454545454546,
      "w": 1.7759999999999998,
      "x": 5.967999999999999,
      "y": 1,
    },
    {
      "h": 3.1090909090909093,
      "w": 1.7759999999999998,
      "x": 7.823999999999999,
      "y": 1,
    },
    {
      "h": 1.5145454545454546,
      "w": 1.7759999999999998,
      "x": 2.256,
      "y": 2.5945454545454547,
    },
    {
      "h": 1.5145454545454546,
      "w": 1.7759999999999998,
      "x": 5.967999999999999,
      "y": 2.5945454545454547,
    },
    {
      "h": 1.135909090909091,
      "w": 4.56,
      "x": 0.4,
      "y": 4.189090909090909,
    },
    {
      "h": 1.135909090909091,
      "w": 4.56,
      "x": 5.039999999999999,
      "y": 4.189090909090909,
    },
  ],
  "textBoxes": [],
}
`;

exports[`layout-engine baseline snapshots > layoutLeanCanvas > should match lean canvas layout with 9 blocks 1`] = `
{
  "borderBoxes": [
    {
      "h": 3.1090909090909093,
      "w": 1.7759999999999998,
      "x": 0.4,
      "y": 1,
    },
    {
      "h": 1.5145454545454546,
      "w": 1.7759999999999998,
      "x": 2.256,
      "y": 1,
    },
    {
      "h": 3.1090909090909093,
      "w": 1.7759999999999998,
      "x": 4.111999999999999,
      "y": 1,
    },
    {
      "h": 1.5145454545454546,
      "w": 1.7759999999999998,
      "x": 5.967999999999999,
      "y": 1,
    },
    {
      "h": 3.1090909090909093,
      "w": 1.7759999999999998,
      "x": 7.823999999999999,
      "y": 1,
    },
    {
      "h": 1.5145454545454546,
      "w": 1.7759999999999998,
      "x": 2.256,
      "y": 2.5945454545454547,
    },
    {
      "h": 1.5145454545454546,
      "w": 1.7759999999999998,
      "x": 5.967999999999999,
      "y": 2.5945454545454547,
    },
    {
      "h": 1.135909090909091,
      "w": 4.56,
      "x": 0.4,
      "y": 4.189090909090909,
    },
    {
      "h": 1.135909090909091,
      "w": 4.56,
      "x": 5.039999999999999,
      "y": 4.189090909090909,
    },
  ],
  "textBoxes": [
    {
      "color": "3B82F6",
      "fontSize": 10,
      "h": 0.3,
      "isBold": true,
      "richText": [
        {
          "text": "Problem",
        },
      ],
      "valign": "top",
      "w": 1.6959999999999997,
      "x": 0.44,
      "y": 1.04,
    },
    {
      "color": "1F2937",
      "fontSize": 9,
      "h": 0.25,
      "richText": [
        {
          "text": "High costs",
        },
      ],
      "valign": "top",
      "w": 1.6959999999999997,
      "x": 0.44,
      "y": 1.44,
    },
    {
      "color": "3B82F6",
      "fontSize": 10,
      "h": 0.3,
      "isBold": true,
      "richText": [
        {
          "text": "Solution",
        },
      ],
      "valign": "top",
      "w": 1.6959999999999997,
      "x": 2.296,
      "y": 1.04,
    },
    {
      "color": "1F2937",
      "fontSize": 9,
      "h": 0.25,
      "richText": [
        {
          "text": "Platform",
        },
      ],
      "valign": "top",
      "w": 1.6959999999999997,
      "x": 2.296,
      "y": 1.44,
    },
    {
      "color": "3B82F6",
      "fontSize": 10,
      "h": 0.3,
      "isBold": true,
      "richText": [
        {
          "text": "UVP",
        },
      ],
      "valign": "top",
      "w": 1.6959999999999997,
      "x": 4.151999999999999,
      "y": 1.04,
    },
    {
      "color": "1F2937",
      "fontSize": 9,
      "h": 0.25,
      "richText": [
        {
          "text": "Quality at low cost",
        },
      ],
      "valign": "top",
      "w": 1.6959999999999997,
      "x": 4.151999999999999,
      "y": 1.44,
    },
    {
      "color": "3B82F6",
      "fontSize": 10,
      "h": 0.3,
      "isBold": true,
      "richText": [
        {
          "text": "Unfair Advantage",
        },
      ],
      "valign": "top",
      "w": 1.6959999999999997,
      "x": 6.007999999999999,
      "y": 1.04,
    },
    {
      "color": "1F2937",
      "fontSize": 9,
      "h": 0.25,
      "richText": [
        {
          "text": "Network",
        },
      ],
      "valign": "top",
      "w": 1.6959999999999997,
      "x": 6.007999999999999,
      "y": 1.44,
    },
    {
      "color": "3B82F6",
      "fontSize": 10,
      "h": 0.3,
      "isBold": true,
      "richText": [
        {
          "text": "Customer Segments",
        },
      ],
      "valign": "top",
      "w": 1.6959999999999997,
      "x": 7.863999999999999,
      "y": 1.04,
    },
    {
      "color": "1F2937",
      "fontSize": 9,
      "h": 0.25,
      "richText": [
        {
          "text": "Startups",
        },
      ],
      "valign": "top",
      "w": 1.6959999999999997,
      "x": 7.863999999999999,
      "y": 1.44,
    },
    {
      "color": "3B82F6",
      "fontSize": 10,
      "h": 0.3,
      "isBold": true,
      "richText": [
        {
          "text": "Key Metrics",
        },
      ],
      "valign": "top",
      "w": 1.6959999999999997,
      "x": 2.296,
      "y": 2.6345454545454547,
    },
    {
      "color": "1F2937",
      "fontSize": 9,
      "h": 0.25,
      "richText": [
        {
          "text": "Conversion",
        },
      ],
      "valign": "top",
      "w": 1.6959999999999997,
      "x": 2.296,
      "y": 3.0345454545454547,
    },
    {
      "color": "3B82F6",
      "fontSize": 10,
      "h": 0.3,
      "isBold": true,
      "richText": [
        {
          "text": "Channels",
        },
      ],
      "valign": "top",
      "w": 1.6959999999999997,
      "x": 6.007999999999999,
      "y": 2.6345454545454547,
    },
    {
      "color": "1F2937",
      "fontSize": 9,
      "h": 0.25,
      "richText": [
        {
          "text": "Online",
        },
      ],
      "valign": "top",
      "w": 1.6959999999999997,
      "x": 6.007999999999999,
      "y": 3.0345454545454547,
    },
    {
      "color": "3B82F6",
      "fontSize": 10,
      "h": 0.3,
      "isBold": true,
      "richText": [
        {
          "text": "Cost Structure",
        },
      ],
      "valign": "top",
      "w": 4.4799999999999995,
      "x": 0.44,
      "y": 4.2290909090909095,
    },
    {
      "color": "1F2937",
      "fontSize": 9,
      "h": 0.25,
      "richText": [
        {
          "text": "Development",
        },
      ],
      "valign": "top",
      "w": 4.4799999999999995,
      "x": 0.44,
      "y": 4.62909090909091,
    },
    {
      "color": "3B82F6",
      "fontSize": 10,
      "h": 0.3,
      "isBold": true,
      "richText": [
        {
          "text": "Revenue Streams",
        },
      ],
      "valign": "top",
      "w": 4.4799999999999995,
      "x": 5.079999999999999,
      "y": 4.2290909090909095,
    },
    {
      "color": "1F2937",
      "fontSize": 9,
      "h": 0.25,
      "richText": [
        {
          "text": "Commission",
        },
      ],
      "valign": "top",
      "w": 4.4799999999999995,
      "x": 5.079999999999999,
      "y": 4.62909090909091,
    },
  ],
}
`;

exports[`layout-engine baseline snapshots > layoutLeftRight > should match left-right layout with 1:1 ratio 1`] = `
{
  "borderBoxes": [
    {
      "h": 4.325,
      "w": 4.56,
      "x": 0.4,
      "y": 1,
    },
    {
      "h": 4.325,
      "w": 4.56,
      "x": 5.04,
      "y": 1,
    },
  ],
  "textBoxes": [
    {
      "color": "3B82F6",
      "fontSize": 18,
      "h": 0.3,
      "isBold": true,
      "richText": [
        {
          "text": "Left 1",
        },
      ],
      "valign": "top",
      "w": 4.359999999999999,
      "x": 0.5,
      "y": 1.1,
    },
    {
      "color": "1F2937",
      "fontSize": 16,
      "h": 0.3833333333333333,
      "richText": [
        {
          "text": "Content 1",
        },
      ],
      "valign": "top",
      "w": 4.359999999999999,
      "x": 0.5,
      "y": 1.5,
    },
    {
      "color": "3B82F6",
      "fontSize": 18,
      "h": 0.3,
      "isBold": true,
      "richText": [
        {
          "text": "Left 2",
        },
      ],
      "valign": "top",
      "w": 4.359999999999999,
      "x": 0.5,
      "y": 2.183333333333333,
    },
    {
      "color": "1F2937",
      "fontSize": 16,
      "h": 0.3833333333333333,
      "richText": [
        {
          "text": "Content 2",
        },
      ],
      "valign": "top",
      "w": 4.359999999999999,
      "x": 0.5,
      "y": 2.583333333333333,
    },
    {
      "color": "3B82F6",
      "fontSize": 18,
      "h": 0.3,
      "isBold": true,
      "richText": [
        {
          "text": "Right",
        },
      ],
      "valign": "top",
      "w": 4.359999999999999,
      "x": 5.14,
      "y": 1.1,
    },
    {
      "color": "1F2937",
      "fontSize": 16,
      "h": 0.3833333333333333,
      "richText": [
        {
          "text": "Right content",
        },
      ],
      "valign": "top",
      "w": 4.359999999999999,
      "x": 5.14,
      "y": 1.5,
    },
  ],
}
`;

exports[`layout-engine baseline snapshots > layoutLeftRight > should match left-right layout with 2:1 ratio 1`] = `
{
  "borderBoxes": [
    {
      "h": 4.325,
      "w": 6.079999999999999,
      "x": 0.4,
      "y": 1,
    },
    {
      "h": 4.325,
      "w": 3.0399999999999996,
      "x": 6.56,
      "y": 1,
    },
  ],
  "textBoxes": [
    {
      "color": "3B82F6",
      "fontSize": 18,
      "h": 0.3,
      "isBold": true,
      "richText": [
        {
          "text": "Left Section",
        },
      ],
      "valign": "top",
      "w": 5.879999999999999,
      "x": 0.5,
      "y": 1.1,
    },
    {
      "color": "1F2937",
      "fontSize": 16,
      "h": 0.3833333333333333,
      "richText": [
        {
          "text": "Left content here",
        },
      ],
      "valign": "top",
      "w": 5.879999999999999,
      "x": 0.5,
      "y": 1.5,
    },
    {
      "color": "3B82F6",
      "fontSize": 18,
      "h": 0.3,
      "isBold": true,
      "richText": [
        {
          "text": "Right Section",
        },
      ],
      "valign": "top",
      "w": 2.8399999999999994,
      "x": 6.659999999999999,
      "y": 1.1,
    },
    {
      "color": "1F2937",
      "fontSize": 16,
      "h": 0.3833333333333333,
      "richText": [
        {
          "text": "Right content here",
        },
      ],
      "valign": "top",
      "w": 2.8399999999999994,
      "x": 6.659999999999999,
      "y": 1.5,
    },
  ],
}
`;

exports[`layout-engine baseline snapshots > layoutLeftRight > should match left-right layout with borderBoxes 1`] = `
{
  "borderBoxes": [
    {
      "h": 4.325,
      "w": 6.079999999999999,
      "x": 0.4,
      "y": 1,
    },
    {
      "h": 4.325,
      "w": 3.0399999999999996,
      "x": 6.56,
      "y": 1,
    },
  ],
  "textBoxes": [
    {
      "color": "3B82F6",
      "fontSize": 18,
      "h": 0.3,
      "isBold": true,
      "richText": [
        {
          "text": "Left",
        },
      ],
      "valign": "top",
      "w": 5.879999999999999,
      "x": 0.5,
      "y": 1.1,
    },
    {
      "color": "3B82F6",
      "fontSize": 18,
      "h": 0.3,
      "isBold": true,
      "richText": [
        {
          "text": "Right",
        },
      ],
      "valign": "top",
      "w": 2.8399999999999994,
      "x": 6.659999999999999,
      "y": 1.1,
    },
  ],
}
`;

exports[`layout-engine baseline snapshots > layoutNumberedList > should match bar variant with 3 items 1`] = `
{
  "shapeBoxes": [
    {
      "fillColor": "1E40AF",
      "fontSize": 12,
      "h": 0.28,
      "isBold": true,
      "rectRadius": 0.04,
      "shapeType": "rect",
      "text": "1",
      "textColor": "FFFFFF",
      "w": 0.28,
      "x": 0.5,
      "y": 1.5708333333333333,
    },
    {
      "fillColor": "1E40AF",
      "h": 1.3016666666666667,
      "shapeType": "rect",
      "w": 0.06,
      "x": 0.86,
      "y": 1.06,
    },
    {
      "fillColor": "F3F4F6",
      "h": 1.4216666666666669,
      "shapeType": "rect",
      "w": 9.2,
      "x": 0.4,
      "y": 2.451666666666667,
    },
    {
      "fillColor": "3B82F6",
      "fontSize": 12,
      "h": 0.28,
      "isBold": true,
      "rectRadius": 0.04,
      "shapeType": "rect",
      "text": "2",
      "textColor": "FFFFFF",
      "w": 0.28,
      "x": 0.5,
      "y": 3.0225000000000004,
    },
    {
      "fillColor": "3B82F6",
      "h": 1.3016666666666667,
      "shapeType": "rect",
      "w": 0.06,
      "x": 0.86,
      "y": 2.511666666666667,
    },
    {
      "fillColor": "0891B2",
      "fontSize": 12,
      "h": 0.28,
      "isBold": true,
      "rectRadius": 0.04,
      "shapeType": "rect",
      "text": "3",
      "textColor": "FFFFFF",
      "w": 0.28,
      "x": 0.5,
      "y": 4.474166666666668,
    },
    {
      "fillColor": "0891B2",
      "h": 1.3016666666666667,
      "shapeType": "rect",
      "w": 0.06,
      "x": 0.86,
      "y": 3.963333333333334,
    },
  ],
  "textBoxes": [
    {
      "color": "3B82F6",
      "fontSize": 14,
      "h": 1.4216666666666669,
      "isBold": true,
      "text": "Item 1",
      "valign": "middle",
      "w": 1.8831999999999998,
      "x": 1.04,
      "y": 1,
    },
    {
      "color": "1F2937",
      "fontSize": 12,
      "h": 1.4216666666666669,
      "text": "Body 1",
      "valign": "middle",
      "w": 6.626799999999999,
      "x": 2.9731999999999994,
      "y": 1,
    },
    {
      "color": "3B82F6",
      "fontSize": 14,
      "h": 1.4216666666666669,
      "isBold": true,
      "text": "Item 2",
      "valign": "middle",
      "w": 1.8831999999999998,
      "x": 1.04,
      "y": 2.451666666666667,
    },
    {
      "color": "1F2937",
      "fontSize": 12,
      "h": 1.4216666666666669,
      "text": "Body 2",
      "valign": "middle",
      "w": 6.626799999999999,
      "x": 2.9731999999999994,
      "y": 2.451666666666667,
    },
    {
      "color": "3B82F6",
      "fontSize": 14,
      "h": 1.4216666666666669,
      "isBold": true,
      "text": "Item 3",
      "valign": "middle",
      "w": 1.8831999999999998,
      "x": 1.04,
      "y": 3.9033333333333338,
    },
    {
      "color": "1F2937",
      "fontSize": 12,
      "h": 1.4216666666666669,
      "text": "Body 3",
      "valign": "middle",
      "w": 6.626799999999999,
      "x": 2.9731999999999994,
      "y": 3.9033333333333338,
    },
  ],
}
`;

exports[`layout-engine baseline snapshots > layoutNumberedList > should match circle variant with 3 items 1`] = `
{
  "shapeBoxes": [
    {
      "fillColor": "1E40AF",
      "fontSize": 14,
      "h": 0.4,
      "isBold": true,
      "shapeType": "ellipse",
      "text": "1",
      "textColor": "FFFFFF",
      "w": 0.4,
      "x": 0.4,
      "y": 1.5108333333333335,
    },
    {
      "fillColor": "",
      "h": 0,
      "lineColor": "E5E7EB",
      "lineWidth": 1,
      "shapeType": "line",
      "w": 9.2,
      "x": 0.4,
      "y": 2.421666666666667,
    },
    {
      "fillColor": "3B82F6",
      "fontSize": 14,
      "h": 0.4,
      "isBold": true,
      "shapeType": "ellipse",
      "text": "2",
      "textColor": "FFFFFF",
      "w": 0.4,
      "x": 0.4,
      "y": 2.9625000000000004,
    },
    {
      "fillColor": "",
      "h": 0,
      "lineColor": "E5E7EB",
      "lineWidth": 1,
      "shapeType": "line",
      "w": 9.2,
      "x": 0.4,
      "y": 3.873333333333334,
    },
    {
      "fillColor": "0891B2",
      "fontSize": 14,
      "h": 0.4,
      "isBold": true,
      "shapeType": "ellipse",
      "text": "3",
      "textColor": "FFFFFF",
      "w": 0.4,
      "x": 0.4,
      "y": 4.4141666666666675,
    },
  ],
  "textBoxes": [
    {
      "color": "3B82F6",
      "fontSize": 14,
      "h": 0.22,
      "isBold": true,
      "text": "Item 1",
      "valign": "bottom",
      "w": 8.649999999999999,
      "x": 0.9500000000000001,
      "y": 1.4808333333333334,
    },
    {
      "color": "1F2937",
      "fontSize": 12,
      "h": 0.22,
      "text": "Body 1",
      "valign": "top",
      "w": 8.649999999999999,
      "x": 0.9500000000000001,
      "y": 1.7208333333333334,
    },
    {
      "color": "3B82F6",
      "fontSize": 14,
      "h": 0.22,
      "isBold": true,
      "text": "Item 2",
      "valign": "bottom",
      "w": 8.649999999999999,
      "x": 0.9500000000000001,
      "y": 2.9325000000000006,
    },
    {
      "color": "1F2937",
      "fontSize": 12,
      "h": 0.22,
      "text": "Body 2",
      "valign": "top",
      "w": 8.649999999999999,
      "x": 0.9500000000000001,
      "y": 3.1725000000000008,
    },
    {
      "color": "3B82F6",
      "fontSize": 14,
      "h": 0.22,
      "isBold": true,
      "text": "Item 3",
      "valign": "bottom",
      "w": 8.649999999999999,
      "x": 0.9500000000000001,
      "y": 4.384166666666667,
    },
    {
      "color": "1F2937",
      "fontSize": 12,
      "h": 0.22,
      "text": "Body 3",
      "valign": "top",
      "w": 8.649999999999999,
      "x": 0.9500000000000001,
      "y": 4.6241666666666665,
    },
  ],
}
`;

exports[`layout-engine baseline snapshots > layoutSlide > should match content slide dispatch 1`] = `
{
  "borderBoxes": undefined,
  "codeBoxes": undefined,
  "iconBoxes": undefined,
  "shapeBoxes": undefined,
  "textBoxes": [
    {
      "color": "1E40AF",
      "fontSize": 24,
      "h": 0.4,
      "isBold": true,
      "text": "Content",
      "w": 9.2,
      "x": 0.4,
      "y": 0.3,
    },
    {
      "color": "3B82F6",
      "fontSize": 18,
      "h": 0.3,
      "isBold": true,
      "richText": [
        {
          "text": "Test",
        },
      ],
      "valign": "top",
      "w": 9.2,
      "x": 0.4,
      "y": 0.8,
    },
    {
      "color": "1F2937",
      "fontSize": 16,
      "h": 0.3833333333333333,
      "richText": [
        {
          "text": "Content",
        },
      ],
      "valign": "top",
      "w": 9.2,
      "x": 0.4,
      "y": 1.2000000000000002,
    },
  ],
}
`;

exports[`layout-engine baseline snapshots > layoutSlide > should match title slide dispatch 1`] = `
{
  "textBoxes": [
    {
      "color": "FFFFFF",
      "fontSize": 32,
      "h": 1,
      "isBold": true,
      "text": "Main Title",
      "w": 9.2,
      "x": 0.4,
      "y": 2.3125,
    },
    {
      "color": "BFDBFE",
      "fontSize": 18,
      "h": 1.9125,
      "text": "Subtitle",
      "w": 9.2,
      "x": 0.4,
      "y": 3.4125,
    },
  ],
}
`;

exports[`layout-engine baseline snapshots > layoutSteps > should match 3-step layout (snapshot) 1`] = `
{
  "borderBoxes": [
    {
      "fillColor": "9CA3AF",
      "h": 1.082,
      "w": 2.8333333333333335,
      "x": 0.4,
      "y": 3.423,
    },
    {
      "fillColor": "14B8A6",
      "h": 1.8935,
      "w": 2.8333333333333335,
      "x": 3.5833333333333335,
      "y": 2.6115,
    },
    {
      "fillColor": "F97316",
      "h": 2.705,
      "w": 2.8333333333333335,
      "x": 6.7666666666666675,
      "y": 1.7999999999999998,
    },
  ],
  "iconBoxes": [
    {
      "color": "9CA3AF",
      "fontSize": 24,
      "h": 0.4,
      "icon": "🌱",
      "w": 2.8333333333333335,
      "x": 0.4,
      "y": 2.9730000000000003,
    },
    {
      "color": "14B8A6",
      "fontSize": 24,
      "h": 0.4,
      "icon": "🌿",
      "w": 2.8333333333333335,
      "x": 3.5833333333333335,
      "y": 2.1615,
    },
    {
      "color": "F97316",
      "fontSize": 24,
      "h": 0.4,
      "icon": "🌳",
      "w": 2.8333333333333335,
      "x": 6.7666666666666675,
      "y": 1.3499999999999999,
    },
  ],
  "textBoxes": [
    {
      "align": "center",
      "color": "9CA3AF",
      "fontSize": 12,
      "h": 0.25,
      "isBold": true,
      "text": "初級",
      "valign": "middle",
      "w": 2.8333333333333335,
      "x": 0.4,
      "y": 2.623,
    },
    {
      "align": "center",
      "color": "FFFFFF",
      "fontSize": 10,
      "h": 0.2,
      "isBold": true,
      "text": "Lv.1",
      "valign": "middle",
      "w": 2.6733333333333333,
      "x": 0.48000000000000004,
      "y": 3.503,
    },
    {
      "align": "center",
      "color": "FFFFFF",
      "fontSize": 14,
      "h": 0.3,
      "isBold": true,
      "text": "ビギナー",
      "valign": "middle",
      "w": 2.6733333333333333,
      "x": 0.48000000000000004,
      "y": 3.753,
    },
    {
      "align": "left",
      "color": "1F2937",
      "fontSize": 10,
      "h": 0.7,
      "text": "基本を学ぶ",
      "valign": "top",
      "w": 2.8333333333333335,
      "x": 0.4,
      "y": 4.625,
    },
    {
      "align": "center",
      "color": "1F2937",
      "fontSize": 24,
      "h": 0.3,
      "text": "→",
      "valign": "middle",
      "w": 0.35,
      "x": 3.2333333333333334,
      "y": 3.814,
    },
    {
      "align": "center",
      "color": "14B8A6",
      "fontSize": 12,
      "h": 0.25,
      "isBold": true,
      "text": "中級",
      "valign": "middle",
      "w": 2.8333333333333335,
      "x": 3.5833333333333335,
      "y": 1.8115,
    },
    {
      "align": "center",
      "color": "FFFFFF",
      "fontSize": 10,
      "h": 0.2,
      "isBold": true,
      "text": "Lv.2",
      "valign": "middle",
      "w": 2.6733333333333333,
      "x": 3.6633333333333336,
      "y": 2.6915,
    },
    {
      "align": "center",
      "color": "FFFFFF",
      "fontSize": 14,
      "h": 0.3,
      "isBold": true,
      "text": "アドバンス",
      "valign": "middle",
      "w": 2.6733333333333333,
      "x": 3.6633333333333336,
      "y": 2.9415,
    },
    {
      "align": "left",
      "color": "1F2937",
      "fontSize": 10,
      "h": 0.7,
      "text": "実践する",
      "valign": "top",
      "w": 2.8333333333333335,
      "x": 3.5833333333333335,
      "y": 4.625,
    },
    {
      "align": "center",
      "color": "1F2937",
      "fontSize": 24,
      "h": 0.3,
      "text": "→",
      "valign": "middle",
      "w": 0.35,
      "x": 6.416666666666667,
      "y": 3.4082500000000002,
    },
    {
      "align": "center",
      "color": "F97316",
      "fontSize": 12,
      "h": 0.25,
      "isBold": true,
      "text": "上級",
      "valign": "middle",
      "w": 2.8333333333333335,
      "x": 6.7666666666666675,
      "y": 0.9999999999999999,
    },
    {
      "align": "center",
      "color": "FFFFFF",
      "fontSize": 10,
      "h": 0.2,
      "isBold": true,
      "text": "Lv.3",
      "valign": "middle",
      "w": 2.6733333333333333,
      "x": 6.846666666666668,
      "y": 1.88,
    },
    {
      "align": "center",
      "color": "FFFFFF",
      "fontSize": 14,
      "h": 0.3,
      "isBold": true,
      "text": "エキスパート",
      "valign": "middle",
      "w": 2.6733333333333333,
      "x": 6.846666666666668,
      "y": 2.13,
    },
    {
      "align": "left",
      "color": "1F2937",
      "fontSize": 10,
      "h": 0.7,
      "text": "指導する",
      "valign": "top",
      "w": 2.8333333333333335,
      "x": 6.7666666666666675,
      "y": 4.625,
    },
  ],
}
`;

exports[`layout-engine baseline snapshots > layoutSteps > should match 5-step layout with takeaway (snapshot) 1`] = `
{
  "borderBoxes": [
    {
      "fillColor": "9CA3AF",
      "h": 0.722,
      "w": 1.5599999999999998,
      "x": 0.4,
      "y": 2.883,
    },
    {
      "fillColor": "14B8A6",
      "h": 0.99275,
      "w": 1.5599999999999998,
      "x": 2.3099999999999996,
      "y": 2.61225,
    },
    {
      "fillColor": "F97316",
      "h": 1.2635,
      "w": 1.5599999999999998,
      "x": 4.22,
      "y": 2.3415,
    },
    {
      "fillColor": "3B82F6",
      "h": 1.53425,
      "w": 1.5599999999999998,
      "x": 6.129999999999999,
      "y": 2.0707500000000003,
    },
    {
      "fillColor": "8B5CF6",
      "h": 1.805,
      "w": 1.5599999999999998,
      "x": 8.04,
      "y": 1.8,
    },
  ],
  "iconBoxes": [
    {
      "color": "9CA3AF",
      "fontSize": 24,
      "h": 0.4,
      "icon": "👁",
      "w": 1.5599999999999998,
      "x": 0.4,
      "y": 2.4330000000000003,
    },
    {
      "color": "14B8A6",
      "fontSize": 24,
      "h": 0.4,
      "icon": "🎓",
      "w": 1.5599999999999998,
      "x": 2.3099999999999996,
      "y": 2.1622500000000002,
    },
    {
      "color": "F97316",
      "fontSize": 24,
      "h": 0.4,
      "icon": "🏃",
      "w": 1.5599999999999998,
      "x": 4.22,
      "y": 1.8915,
    },
    {
      "color": "3B82F6",
      "fontSize": 24,
      "h": 0.4,
      "icon": "🔬",
      "w": 1.5599999999999998,
      "x": 6.129999999999999,
      "y": 1.6207500000000004,
    },
    {
      "color": "8B5CF6",
      "fontSize": 24,
      "h": 0.4,
      "icon": "🎤",
      "w": 1.5599999999999998,
      "x": 8.04,
      "y": 1.3499999999999999,
    },
  ],
  "textBoxes": [
    {
      "align": "center",
      "color": "9CA3AF",
      "fontSize": 11,
      "h": 0.25,
      "isBold": true,
      "text": "見る",
      "valign": "middle",
      "w": 1.5599999999999998,
      "x": 0.4,
      "y": 2.083,
    },
    {
      "align": "center",
      "color": "FFFFFF",
      "fontSize": 9,
      "h": 0.2,
      "isBold": true,
      "text": "Lv.1",
      "valign": "middle",
      "w": 1.4,
      "x": 0.48000000000000004,
      "y": 2.963,
    },
    {
      "align": "center",
      "color": "FFFFFF",
      "fontSize": 12,
      "h": 0.3,
      "isBold": true,
      "text": "観察者",
      "valign": "middle",
      "w": 1.4,
      "x": 0.48000000000000004,
      "y": 3.213,
    },
    {
      "align": "left",
      "color": "1F2937",
      "fontSize": 8,
      "h": 0.5,
      "text": "全体像を理解し 各フェーズの目的を 説明できる",
      "valign": "top",
      "w": 1.5599999999999998,
      "x": 0.4,
      "y": 3.725,
    },
    {
      "align": "center",
      "color": "1F2937",
      "fontSize": 24,
      "h": 0.3,
      "text": "→",
      "valign": "middle",
      "w": 0.35,
      "x": 1.96,
      "y": 3.094,
    },
    {
      "align": "center",
      "color": "14B8A6",
      "fontSize": 11,
      "h": 0.25,
      "isBold": true,
      "text": "習う",
      "valign": "middle",
      "w": 1.5599999999999998,
      "x": 2.3099999999999996,
      "y": 1.8122500000000001,
    },
    {
      "align": "center",
      "color": "FFFFFF",
      "fontSize": 9,
      "h": 0.2,
      "isBold": true,
      "text": "Lv.2",
      "valign": "middle",
      "w": 1.4,
      "x": 2.3899999999999997,
      "y": 2.69225,
    },
    {
      "align": "center",
      "color": "FFFFFF",
      "fontSize": 12,
      "h": 0.3,
      "isBold": true,
      "text": "見習い",
      "valign": "middle",
      "w": 1.4,
      "x": 2.3899999999999997,
      "y": 2.94225,
    },
    {
      "align": "left",
      "color": "1F2937",
      "fontSize": 8,
      "h": 0.5,
      "text": "現場に出始め 先輩を手本に スクリプトを組む",
      "valign": "top",
      "w": 1.5599999999999998,
      "x": 2.3099999999999996,
      "y": 3.725,
    },
    {
      "align": "center",
      "color": "1F2937",
      "fontSize": 24,
      "h": 0.3,
      "text": "→",
      "valign": "middle",
      "w": 0.35,
      "x": 3.869999999999999,
      "y": 2.958625,
    },
    {
      "align": "center",
      "color": "F97316",
      "fontSize": 11,
      "h": 0.25,
      "isBold": true,
      "text": "動く",
      "valign": "middle",
      "w": 1.5599999999999998,
      "x": 4.22,
      "y": 1.5414999999999999,
    },
    {
      "align": "center",
      "color": "FFFFFF",
      "fontSize": 9,
      "h": 0.2,
      "isBold": true,
      "text": "Lv.3",
      "valign": "middle",
      "w": 1.4,
      "x": 4.3,
      "y": 2.4215,
    },
    {
      "align": "center",
      "color": "FFFFFF",
      "fontSize": 12,
      "h": 0.3,
      "isBold": true,
      "text": "実践者",
      "valign": "middle",
      "w": 1.4,
      "x": 4.3,
      "y": 2.6715,
    },
    {
      "align": "left",
      "color": "1F2937",
      "fontSize": 8,
      "h": 0.5,
      "text": "自律的に判断し 適切なツールを 選択できる",
      "valign": "top",
      "w": 1.5599999999999998,
      "x": 4.22,
      "y": 3.725,
    },
    {
      "align": "center",
      "color": "1F2937",
      "fontSize": 24,
      "h": 0.3,
      "text": "→",
      "valign": "middle",
      "w": 0.35,
      "x": 5.779999999999999,
      "y": 2.8232500000000003,
    },
    {
      "align": "center",
      "color": "3B82F6",
      "fontSize": 11,
      "h": 0.25,
      "isBold": true,
      "text": "深める",
      "valign": "middle",
      "w": 1.5599999999999998,
      "x": 6.129999999999999,
      "y": 1.2707500000000003,
    },
    {
      "align": "center",
      "color": "FFFFFF",
      "fontSize": 9,
      "h": 0.2,
      "isBold": true,
      "text": "Lv.4",
      "valign": "middle",
      "w": 1.4,
      "x": 6.209999999999999,
      "y": 2.1507500000000004,
    },
    {
      "align": "center",
      "color": "FFFFFF",
      "fontSize": 12,
      "h": 0.3,
      "isBold": true,
      "text": "専門家",
      "valign": "middle",
      "w": 1.4,
      "x": 6.209999999999999,
      "y": 2.4007500000000004,
    },
    {
      "align": "left",
      "color": "1F2937",
      "fontSize": 8,
      "h": 0.5,
      "text": "理論と実践を統合 最適な設計を 提案できる",
      "valign": "top",
      "w": 1.5599999999999998,
      "x": 6.129999999999999,
      "y": 3.725,
    },
    {
      "align": "center",
      "color": "1F2937",
      "fontSize": 24,
      "h": 0.3,
      "text": "→",
      "valign": "middle",
      "w": 0.35,
      "x": 7.689999999999999,
      "y": 2.687875,
    },
    {
      "align": "center",
      "color": "8B5CF6",
      "fontSize": 11,
      "h": 0.25,
      "isBold": true,
      "text": "伝える",
      "valign": "middle",
      "w": 1.5599999999999998,
      "x": 8.04,
      "y": 0.9999999999999999,
    },
    {
      "align": "center",
      "color": "FFFFFF",
      "fontSize": 9,
      "h": 0.2,
      "isBold": true,
      "text": "Lv.5",
      "valign": "middle",
      "w": 1.4,
      "x": 8.12,
      "y": 1.8800000000000001,
    },
    {
      "align": "center",
      "color": "FFFFFF",
      "fontSize": 12,
      "h": 0.3,
      "isBold": true,
      "text": "指導者",
      "valign": "middle",
      "w": 1.4,
      "x": 8.12,
      "y": 2.13,
    },
    {
      "align": "left",
      "color": "1F2937",
      "fontSize": 8,
      "h": 0.5,
      "text": "他者を育成し 組織の知見を 体系化できる",
      "valign": "top",
      "w": 1.5599999999999998,
      "x": 8.04,
      "y": 3.725,
    },
    {
      "align": "center",
      "color": "1E40AF",
      "fontSize": 20,
      "h": 0.9,
      "isBold": true,
      "text": "段階的に成長する",
      "valign": "middle",
      "w": 9.2,
      "x": 0.4,
      "y": 4.425,
    },
  ],
}
`;

exports[`layout-engine baseline snapshots > layoutSteps > should match 5-step layout without takeaway (snapshot) 1`] = `
{
  "borderBoxes": [
    {
      "fillColor": "9CA3AF",
      "h": 1.082,
      "w": 1.5599999999999998,
      "x": 0.4,
      "y": 3.423,
    },
    {
      "fillColor": "14B8A6",
      "h": 1.4877500000000001,
      "w": 1.5599999999999998,
      "x": 2.3099999999999996,
      "y": 3.0172499999999998,
    },
    {
      "fillColor": "F97316",
      "h": 1.8935,
      "w": 1.5599999999999998,
      "x": 4.22,
      "y": 2.6115,
    },
    {
      "fillColor": "3B82F6",
      "h": 2.29925,
      "w": 1.5599999999999998,
      "x": 6.129999999999999,
      "y": 2.20575,
    },
    {
      "fillColor": "8B5CF6",
      "h": 2.705,
      "w": 1.5599999999999998,
      "x": 8.04,
      "y": 1.7999999999999998,
    },
  ],
  "iconBoxes": [
    {
      "color": "9CA3AF",
      "fontSize": 24,
      "h": 0.4,
      "icon": "👁",
      "w": 1.5599999999999998,
      "x": 0.4,
      "y": 2.9730000000000003,
    },
    {
      "color": "14B8A6",
      "fontSize": 24,
      "h": 0.4,
      "icon": "🎓",
      "w": 1.5599999999999998,
      "x": 2.3099999999999996,
      "y": 2.56725,
    },
    {
      "color": "F97316",
      "fontSize": 24,
      "h": 0.4,
      "icon": "🏃",
      "w": 1.5599999999999998,
      "x": 4.22,
      "y": 2.1615,
    },
    {
      "color": "3B82F6",
      "fontSize": 24,
      "h": 0.4,
      "icon": "🔬",
      "w": 1.5599999999999998,
      "x": 6.129999999999999,
      "y": 1.7557500000000001,
    },
    {
      "color": "8B5CF6",
      "fontSize": 24,
      "h": 0.4,
      "icon": "🎤",
      "w": 1.5599999999999998,
      "x": 8.04,
      "y": 1.3499999999999999,
    },
  ],
  "textBoxes": [
    {
      "align": "center",
      "color": "9CA3AF",
      "fontSize": 11,
      "h": 0.25,
      "isBold": true,
      "text": "見る",
      "valign": "middle",
      "w": 1.5599999999999998,
      "x": 0.4,
      "y": 2.623,
    },
    {
      "align": "center",
      "color": "FFFFFF",
      "fontSize": 9,
      "h": 0.2,
      "isBold": true,
      "text": "Lv.1",
      "valign": "middle",
      "w": 1.4,
      "x": 0.48000000000000004,
      "y": 3.503,
    },
    {
      "align": "center",
      "color": "FFFFFF",
      "fontSize": 12,
      "h": 0.3,
      "isBold": true,
      "text": "観察者",
      "valign": "middle",
      "w": 1.4,
      "x": 0.48000000000000004,
      "y": 3.753,
    },
    {
      "align": "left",
      "color": "1F2937",
      "fontSize": 9,
      "h": 0.7,
      "text": "全体像を理解し 各フェーズの目的を 説明できる",
      "valign": "top",
      "w": 1.5599999999999998,
      "x": 0.4,
      "y": 4.625,
    },
    {
      "align": "center",
      "color": "1F2937",
      "fontSize": 24,
      "h": 0.3,
      "text": "→",
      "valign": "middle",
      "w": 0.35,
      "x": 1.96,
      "y": 3.814,
    },
    {
      "align": "center",
      "color": "14B8A6",
      "fontSize": 11,
      "h": 0.25,
      "isBold": true,
      "text": "習う",
      "valign": "middle",
      "w": 1.5599999999999998,
      "x": 2.3099999999999996,
      "y": 2.21725,
    },
    {
      "align": "center",
      "color": "FFFFFF",
      "fontSize": 9,
      "h": 0.2,
      "isBold": true,
      "text": "Lv.2",
      "valign": "middle",
      "w": 1.4,
      "x": 2.3899999999999997,
      "y": 3.09725,
    },
    {
      "align": "center",
      "color": "FFFFFF",
      "fontSize": 12,
      "h": 0.3,
      "isBold": true,
      "text": "見習い",
      "valign": "middle",
      "w": 1.4,
      "x": 2.3899999999999997,
      "y": 3.34725,
    },
    {
      "align": "left",
      "color": "1F2937",
      "fontSize": 9,
      "h": 0.7,
      "text": "現場に出始め 先輩を手本に スクリプトを組む",
      "valign": "top",
      "w": 1.5599999999999998,
      "x": 2.3099999999999996,
      "y": 4.625,
    },
    {
      "align": "center",
      "color": "1F2937",
      "fontSize": 24,
      "h": 0.3,
      "text": "→",
      "valign": "middle",
      "w": 0.35,
      "x": 3.869999999999999,
      "y": 3.611125,
    },
    {
      "align": "center",
      "color": "F97316",
      "fontSize": 11,
      "h": 0.25,
      "isBold": true,
      "text": "動く",
      "valign": "middle",
      "w": 1.5599999999999998,
      "x": 4.22,
      "y": 1.8115,
    },
    {
      "align": "center",
      "color": "FFFFFF",
      "fontSize": 9,
      "h": 0.2,
      "isBold": true,
      "text": "Lv.3",
      "valign": "middle",
      "w": 1.4,
      "x": 4.3,
      "y": 2.6915,
    },
    {
      "align": "center",
      "color": "FFFFFF",
      "fontSize": 12,
      "h": 0.3,
      "isBold": true,
      "text": "実践者",
      "valign": "middle",
      "w": 1.4,
      "x": 4.3,
      "y": 2.9415,
    },
    {
      "align": "left",
      "color": "1F2937",
      "fontSize": 9,
      "h": 0.7,
      "text": "自律的に判断し 適切なツールを 選択できる",
      "valign": "top",
      "w": 1.5599999999999998,
      "x": 4.22,
      "y": 4.625,
    },
    {
      "align": "center",
      "color": "1F2937",
      "fontSize": 24,
      "h": 0.3,
      "text": "→",
      "valign": "middle",
      "w": 0.35,
      "x": 5.779999999999999,
      "y": 3.4082500000000002,
    },
    {
      "align": "center",
      "color": "3B82F6",
      "fontSize": 11,
      "h": 0.25,
      "isBold": true,
      "text": "深める",
      "valign": "middle",
      "w": 1.5599999999999998,
      "x": 6.129999999999999,
      "y": 1.40575,
    },
    {
      "align": "center",
      "color": "FFFFFF",
      "fontSize": 9,
      "h": 0.2,
      "isBold": true,
      "text": "Lv.4",
      "valign": "middle",
      "w": 1.4,
      "x": 6.209999999999999,
      "y": 2.28575,
    },
    {
      "align": "center",
      "color": "FFFFFF",
      "fontSize": 12,
      "h": 0.3,
      "isBold": true,
      "text": "専門家",
      "valign": "middle",
      "w": 1.4,
      "x": 6.209999999999999,
      "y": 2.53575,
    },
    {
      "align": "left",
      "color": "1F2937",
      "fontSize": 9,
      "h": 0.7,
      "text": "理論と実践を統合 最適な設計を 提案できる",
      "valign": "top",
      "w": 1.5599999999999998,
      "x": 6.129999999999999,
      "y": 4.625,
    },
    {
      "align": "center",
      "color": "1F2937",
      "fontSize": 24,
      "h": 0.3,
      "text": "→",
      "valign": "middle",
      "w": 0.35,
      "x": 7.689999999999999,
      "y": 3.205375,
    },
    {
      "align": "center",
      "color": "8B5CF6",
      "fontSize": 11,
      "h": 0.25,
      "isBold": true,
      "text": "伝える",
      "valign": "middle",
      "w": 1.5599999999999998,
      "x": 8.04,
      "y": 0.9999999999999999,
    },
    {
      "align": "center",
      "color": "FFFFFF",
      "fontSize": 9,
      "h": 0.2,
      "isBold": true,
      "text": "Lv.5",
      "valign": "middle",
      "w": 1.4,
      "x": 8.12,
      "y": 1.88,
    },
    {
      "align": "center",
      "color": "FFFFFF",
      "fontSize": 12,
      "h": 0.3,
      "isBold": true,
      "text": "指導者",
      "valign": "middle",
      "w": 1.4,
      "x": 8.12,
      "y": 2.13,
    },
    {
      "align": "left",
      "color": "1F2937",
      "fontSize": 9,
      "h": 0.7,
      "text": "他者を育成し 組織の知見を 体系化できる",
      "valign": "top",
      "w": 1.5599999999999998,
      "x": 8.04,
      "y": 4.625,
    },
  ],
}
`;

exports[`layout-engine baseline snapshots > layoutTitleSlide > should match title slide layout with title and subtitle 1`] = `
{
  "textBoxes": [
    {
      "color": "FFFFFF",
      "fontSize": 32,
      "h": 1,
      "isBold": true,
      "text": "Test Title",
      "w": 9.2,
      "x": 0.4,
      "y": 2.3125,
    },
    {
      "color": "BFDBFE",
      "fontSize": 18,
      "h": 1.9125,
      "text": "Test Subtitle",
      "w": 9.2,
      "x": 0.4,
      "y": 3.4125,
    },
  ],
}
`;

exports[`layout-engine baseline snapshots > layoutTitleSlide > should match title slide layout with title only 1`] = `
{
  "textBoxes": [
    {
      "color": "FFFFFF",
      "fontSize": 32,
      "h": 1,
      "isBold": true,
      "text": "Title Only",
      "w": 9.2,
      "x": 0.4,
      "y": 2.3125,
    },
  ],
}
`;

exports[`layout-engine baseline snapshots > layoutTopBottom > should match top-bottom layout with 1:1 ratio 1`] = `
{
  "borderBoxes": [
    {
      "h": 2.1225,
      "w": 9.2,
      "x": 0.4,
      "y": 1,
    },
    {
      "h": 2.1225,
      "w": 9.2,
      "x": 0.4,
      "y": 3.2025,
    },
  ],
  "textBoxes": [
    {
      "color": "3B82F6",
      "fontSize": 18,
      "h": 0.3,
      "isBold": true,
      "richText": [
        {
          "text": "Top 1",
        },
      ],
      "valign": "top",
      "w": 9,
      "x": 0.5,
      "y": 1.1,
    },
    {
      "color": "1F2937",
      "fontSize": 16,
      "h": 0.3833333333333333,
      "richText": [
        {
          "text": "Content 1",
        },
      ],
      "valign": "top",
      "w": 9,
      "x": 0.5,
      "y": 1.5,
    },
    {
      "color": "3B82F6",
      "fontSize": 18,
      "h": 0.3,
      "isBold": true,
      "richText": [
        {
          "text": "Top 2",
        },
      ],
      "valign": "top",
      "w": 9,
      "x": 0.5,
      "y": 2.183333333333333,
    },
    {
      "color": "1F2937",
      "fontSize": 16,
      "h": 0.3833333333333333,
      "richText": [
        {
          "text": "Content 2",
        },
      ],
      "valign": "top",
      "w": 9,
      "x": 0.5,
      "y": 2.583333333333333,
    },
    {
      "color": "3B82F6",
      "fontSize": 18,
      "h": 0.3,
      "isBold": true,
      "richText": [
        {
          "text": "Bottom",
        },
      ],
      "valign": "top",
      "w": 9,
      "x": 0.5,
      "y": 3.3025,
    },
    {
      "color": "1F2937",
      "fontSize": 16,
      "h": 0.3833333333333333,
      "richText": [
        {
          "text": "Bottom content",
        },
      ],
      "valign": "top",
      "w": 9,
      "x": 0.5,
      "y": 3.7025,
    },
  ],
}
`;

exports[`layout-engine baseline snapshots > layoutTopBottom > should match top-bottom layout with 4:1 ratio 1`] = `
{
  "borderBoxes": [
    {
      "h": 3.3960000000000004,
      "w": 9.2,
      "x": 0.4,
      "y": 1,
    },
    {
      "h": 0.8490000000000001,
      "w": 9.2,
      "x": 0.4,
      "y": 4.476000000000001,
    },
  ],
  "textBoxes": [
    {
      "color": "3B82F6",
      "fontSize": 18,
      "h": 0.3,
      "isBold": true,
      "richText": [
        {
          "text": "Top Section",
        },
      ],
      "valign": "top",
      "w": 9,
      "x": 0.5,
      "y": 1.1,
    },
    {
      "color": "1F2937",
      "fontSize": 16,
      "h": 0.3833333333333333,
      "richText": [
        {
          "text": "Top content here",
        },
      ],
      "valign": "top",
      "w": 9,
      "x": 0.5,
      "y": 1.5,
    },
    {
      "color": "3B82F6",
      "fontSize": 18,
      "h": 0.3,
      "isBold": true,
      "richText": [
        {
          "text": "Bottom Section",
        },
      ],
      "valign": "top",
      "w": 9,
      "x": 0.5,
      "y": 4.5760000000000005,
    },
    {
      "color": "1F2937",
      "fontSize": 16,
      "h": 0.25,
      "richText": [
        {
          "text": "Bottom content here",
        },
      ],
      "valign": "top",
      "w": 9,
      "x": 0.5,
      "y": 4.976000000000001,
    },
  ],
}
`;

exports[`layout-engine baseline snapshots > layoutTopBottom > should match top-bottom layout with borderBoxes 1`] = `
{
  "borderBoxes": [
    {
      "h": 3.3960000000000004,
      "w": 9.2,
      "x": 0.4,
      "y": 1,
    },
    {
      "h": 0.8490000000000001,
      "w": 9.2,
      "x": 0.4,
      "y": 4.476000000000001,
    },
  ],
  "textBoxes": [
    {
      "color": "3B82F6",
      "fontSize": 18,
      "h": 0.3,
      "isBold": true,
      "richText": [
        {
          "text": "Top",
        },
      ],
      "valign": "top",
      "w": 9,
      "x": 0.5,
      "y": 1.1,
    },
    {
      "color": "3B82F6",
      "fontSize": 18,
      "h": 0.3,
      "isBold": true,
      "richText": [
        {
          "text": "Bottom",
        },
      ],
      "valign": "top",
      "w": 9,
      "x": 0.5,
      "y": 4.5760000000000005,
    },
  ],
}
`;

exports[`layout-engine baseline snapshots > takeaway support > should match default layout with takeaway snapshot 1`] = `
{
  "textBoxes": [
    {
      "color": "3B82F6",
      "fontSize": 18,
      "h": 0.3,
      "isBold": true,
      "richText": [
        {
          "text": "Heading",
        },
      ],
      "valign": "top",
      "w": 9.2,
      "x": 0.4,
      "y": 1,
    },
    {
      "color": "1F2937",
      "fontSize": 16,
      "h": 0.3833333333333333,
      "richText": [
        {
          "text": "Body",
        },
      ],
      "valign": "top",
      "w": 9.2,
      "x": 0.4,
      "y": 1.4,
    },
    {
      "align": "center",
      "color": "1E40AF",
      "fontSize": 20,
      "h": 0.9,
      "isBold": true,
      "text": "Takeaway content",
      "valign": "middle",
      "w": 9.2,
      "x": 0.4,
      "y": 4.425,
    },
  ],
}
`;

exports[`layout-engine baseline snapshots > takeaway support > should match grid layout with takeaway snapshot 1`] = `
{
  "borderBoxes": [
    {
      "h": 1.5725,
      "w": 4.56,
      "x": 0.4,
      "y": 1,
    },
    {
      "h": 1.5725,
      "w": 4.56,
      "x": 5.04,
      "y": 1,
    },
    {
      "h": 1.5725,
      "w": 4.56,
      "x": 0.4,
      "y": 2.6525,
    },
    {
      "h": 1.5725,
      "w": 4.56,
      "x": 5.04,
      "y": 2.6525,
    },
  ],
  "textBoxes": [
    {
      "color": "3B82F6",
      "fontSize": 16,
      "h": 0.3,
      "isBold": true,
      "richText": [
        {
          "text": "A",
        },
      ],
      "valign": "top",
      "w": 4.3999999999999995,
      "x": 0.48000000000000004,
      "y": 1.08,
    },
    {
      "color": "1F2937",
      "fontSize": 14,
      "h": 0.3416666666666667,
      "richText": [
        {
          "text": "1",
        },
      ],
      "valign": "top",
      "w": 4.3999999999999995,
      "x": 0.48000000000000004,
      "y": 1.4500000000000002,
    },
    {
      "color": "3B82F6",
      "fontSize": 16,
      "h": 0.3,
      "isBold": true,
      "richText": [
        {
          "text": "B",
        },
      ],
      "valign": "top",
      "w": 4.3999999999999995,
      "x": 5.12,
      "y": 1.08,
    },
    {
      "color": "1F2937",
      "fontSize": 14,
      "h": 0.3416666666666667,
      "richText": [
        {
          "text": "2",
        },
      ],
      "valign": "top",
      "w": 4.3999999999999995,
      "x": 5.12,
      "y": 1.4500000000000002,
    },
    {
      "color": "3B82F6",
      "fontSize": 16,
      "h": 0.3,
      "isBold": true,
      "richText": [
        {
          "text": "C",
        },
      ],
      "valign": "top",
      "w": 4.3999999999999995,
      "x": 0.48000000000000004,
      "y": 2.7325,
    },
    {
      "color": "1F2937",
      "fontSize": 14,
      "h": 0.3416666666666667,
      "richText": [
        {
          "text": "3",
        },
      ],
      "valign": "top",
      "w": 4.3999999999999995,
      "x": 0.48000000000000004,
      "y": 3.1025,
    },
    {
      "color": "3B82F6",
      "fontSize": 16,
      "h": 0.3,
      "isBold": true,
      "richText": [
        {
          "text": "D",
        },
      ],
      "valign": "top",
      "w": 4.3999999999999995,
      "x": 5.12,
      "y": 2.7325,
    },
    {
      "color": "1F2937",
      "fontSize": 14,
      "h": 0.3416666666666667,
      "richText": [
        {
          "text": "4",
        },
      ],
      "valign": "top",
      "w": 4.3999999999999995,
      "x": 5.12,
      "y": 3.1025,
    },
    {
      "align": "center",
      "color": "1E40AF",
      "fontSize": 20,
      "h": 0.9,
      "isBold": true,
      "text": "Takeaway content",
      "valign": "middle",
      "w": 9.2,
      "x": 0.4,
      "y": 4.425,
    },
  ],
}
`;

exports[`layout-engine baseline snapshots > takeaway support > should match left-right layout with takeaway snapshot 1`] = `
{
  "borderBoxes": [
    {
      "h": 3.225,
      "w": 6.079999999999999,
      "x": 0.4,
      "y": 1,
    },
    {
      "h": 3.225,
      "w": 3.0399999999999996,
      "x": 6.56,
      "y": 1,
    },
  ],
  "textBoxes": [
    {
      "color": "3B82F6",
      "fontSize": 18,
      "h": 0.3,
      "isBold": true,
      "richText": [
        {
          "text": "Left",
        },
      ],
      "valign": "top",
      "w": 5.879999999999999,
      "x": 0.5,
      "y": 1.1,
    },
    {
      "color": "1F2937",
      "fontSize": 16,
      "h": 0.3833333333333333,
      "richText": [
        {
          "text": "Content",
        },
      ],
      "valign": "top",
      "w": 5.879999999999999,
      "x": 0.5,
      "y": 1.5,
    },
    {
      "color": "3B82F6",
      "fontSize": 18,
      "h": 0.3,
      "isBold": true,
      "richText": [
        {
          "text": "Right",
        },
      ],
      "valign": "top",
      "w": 2.8399999999999994,
      "x": 6.659999999999999,
      "y": 1.1,
    },
    {
      "color": "1F2937",
      "fontSize": 16,
      "h": 0.3833333333333333,
      "richText": [
        {
          "text": "Content",
        },
      ],
      "valign": "top",
      "w": 2.8399999999999994,
      "x": 6.659999999999999,
      "y": 1.5,
    },
    {
      "align": "center",
      "color": "1E40AF",
      "fontSize": 20,
      "h": 0.9,
      "isBold": true,
      "text": "Takeaway content",
      "valign": "middle",
      "w": 9.2,
      "x": 0.4,
      "y": 4.425,
    },
  ],
}
`;

exports[`layout-engine baseline snapshots > takeaway support > should match top-bottom layout with takeaway snapshot 1`] = `
{
  "borderBoxes": [
    {
      "h": 2.35875,
      "w": 9.2,
      "x": 0.4,
      "y": 1,
    },
    {
      "h": 0.78625,
      "w": 9.2,
      "x": 0.4,
      "y": 3.43875,
    },
  ],
  "textBoxes": [
    {
      "color": "3B82F6",
      "fontSize": 18,
      "h": 0.3,
      "isBold": true,
      "richText": [
        {
          "text": "Top",
        },
      ],
      "valign": "top",
      "w": 9,
      "x": 0.5,
      "y": 1.1,
    },
    {
      "color": "1F2937",
      "fontSize": 16,
      "h": 0.3833333333333333,
      "richText": [
        {
          "text": "Content",
        },
      ],
      "valign": "top",
      "w": 9,
      "x": 0.5,
      "y": 1.5,
    },
    {
      "color": "3B82F6",
      "fontSize": 18,
      "h": 0.3,
      "isBold": true,
      "richText": [
        {
          "text": "Bottom",
        },
      ],
      "valign": "top",
      "w": 9,
      "x": 0.5,
      "y": 3.5387500000000003,
    },
    {
      "color": "1F2937",
      "fontSize": 16,
      "h": 0.25,
      "richText": [
        {
          "text": "Content",
        },
      ],
      "valign": "top",
      "w": 9,
      "x": 0.5,
      "y": 3.93875,
    },
    {
      "align": "center",
      "color": "1E40AF",
      "fontSize": 20,
      "h": 0.9,
      "isBold": true,
      "text": "Takeaway content",
      "valign": "middle",
      "w": 9.2,
      "x": 0.4,
      "y": 4.425,
    },
  ],
}
`;
